[Sun Jul 19 13:51:41 2026] PHP 8.3.6 Development Server (http://localhost:8000) started
[Sun Jul 19 13:51:43 2026] [::1]:47532 Accepted
[Sun Jul 19 13:51:43 2026] [::1]:47532 [200]: HEAD /
[Sun Jul 19 13:51:43 2026] [::1]:47532 Closing
[Sun Jul 19 13:53:12 2026] [::1]:50472 Accepted
[Sun Jul 19 13:53:12 2026] [::1]:50472 [200]: GET /login.php
[Sun Jul 19 13:53:12 2026] [::1]:50472 Closing
[Sun Jul 19 13:53:12 2026] [::1]:50476 Accepted
[Sun Jul 19 13:53:12 2026] [::1]:50486 Accepted
[Sun Jul 19 13:53:12 2026] [::1]:50476 [200]: GET /assets/css/style.css
[Sun Jul 19 13:53:12 2026] [::1]:50486 [200]: GET /assets/js/main.js
[Sun Jul 19 13:53:12 2026] [::1]:50476 Closing
[Sun Jul 19 13:53:12 2026] [::1]:50486 Closing
[Sun Jul 19 13:53:12 2026] [::1]:50500 Accepted
[Sun Jul 19 13:53:12 2026] [::1]:50500 [200]: POST /cart_handler.php
[Sun Jul 19 13:53:12 2026] [::1]:50500 Closing
[Sun Jul 19 13:53:13 2026] [::1]:50504 Accepted
[Sun Jul 19 13:53:13 2026] [::1]:50504 [200]: GET /index.php?search=
[Sun Jul 19 13:53:13 2026] [::1]:50504 Closing
[Sun Jul 19 13:53:14 2026] [::1]:50520 Accepted
[Sun Jul 19 13:53:14 2026] [::1]:50536 Accepted
[Sun Jul 19 13:53:14 2026] [::1]:50520 [200]: GET /assets/css/style.css
[Sun Jul 19 13:53:14 2026] [::1]:50536 [404]: GET /https://images.unsplash.com/photo-1550745165-9bc0b252726f?w=1200 - No such file or directory
[Sun Jul 19 13:53:14 2026] [::1]:50536 Closing
[Sun Jul 19 13:53:14 2026] [::1]:50520 Closing
[Sun Jul 19 13:53:14 2026] [::1]:37762 Accepted
[Sun Jul 19 13:53:14 2026] [::1]:37762 [200]: GET /assets/js/main.js
[Sun Jul 19 13:53:14 2026] [::1]:37762 Closing
[Sun Jul 19 13:53:14 2026] [::1]:37766 Accepted
[Sun Jul 19 13:53:14 2026] [::1]:37766 [200]: POST /cart_handler.php
[Sun Jul 19 13:53:14 2026] [::1]:37766 Closing
[Sun Jul 19 13:55:19 2026] [::1]:42436 Accepted
[Sun Jul 19 13:55:19 2026] [::1]:42436 [200]: GET /login.php
[Sun Jul 19 13:55:19 2026] [::1]:42436 Closing
[Sun Jul 19 13:55:19 2026] [::1]:42450 Accepted
[Sun Jul 19 13:55:19 2026] [::1]:42460 Accepted
[Sun Jul 19 13:55:19 2026] [::1]:42450 [200]: GET /assets/css/style.css
[Sun Jul 19 13:55:19 2026] [::1]:42460 [200]: GET /assets/js/main.js
[Sun Jul 19 13:55:19 2026] [::1]:42450 Closing
[Sun Jul 19 13:55:19 2026] [::1]:42460 Closing
[Sun Jul 19 13:55:19 2026] [::1]:42464 Accepted
[Sun Jul 19 13:55:19 2026] [::1]:42464 [200]: POST /cart_handler.php
[Sun Jul 19 13:55:19 2026] [::1]:42464 Closing
[Sun Jul 19 13:55:20 2026] [::1]:42468 Accepted
[Sun Jul 19 13:55:20 2026] [::1]:42468 [302]: POST /login.php
[Sun Jul 19 13:55:20 2026] [::1]:42468 Closing
[Sun Jul 19 13:55:20 2026] [::1]:42484 Accepted
[Sun Jul 19 13:55:20 2026] [::1]:42484 [200]: GET /agent_portal.php
[Sun Jul 19 13:55:20 2026] [::1]:42484 Closing
[Sun Jul 19 13:55:23 2026] [::1]:42488 Accepted
[Sun Jul 19 13:55:23 2026] [::1]:42488 [200]: POST /agent_portal.php
[Sun Jul 19 13:55:23 2026] [::1]:42488 Closing
[Sun Jul 19 13:55:24 2026] [::1]:49004 Accepted
[Sun Jul 19 13:55:24 2026] [::1]:49004 [302]: GET /logout.php
[Sun Jul 19 13:55:24 2026] [::1]:49004 Closing
[Sun Jul 19 13:55:24 2026] [::1]:49020 Accepted
[Sun Jul 19 13:55:24 2026] [::1]:49020 [200]: GET /index.php
[Sun Jul 19 13:55:24 2026] [::1]:49020 Closing
[Sun Jul 19 13:55:24 2026] [::1]:49022 Accepted
[Sun Jul 19 13:55:24 2026] [::1]:49034 Accepted
[Sun Jul 19 13:55:24 2026] [::1]:49022 [200]: GET /assets/css/style.css
[Sun Jul 19 13:55:24 2026] [::1]:49034 [404]: GET /https://images.unsplash.com/photo-1550745165-9bc0b252726f?w=1200 - No such file or directory
[Sun Jul 19 13:55:24 2026] [::1]:49034 Closing
[Sun Jul 19 13:55:24 2026] [::1]:49022 Closing
[Sun Jul 19 13:55:24 2026] [::1]:49046 Accepted
[Sun Jul 19 13:55:24 2026] [::1]:49046 [200]: GET /assets/js/main.js
[Sun Jul 19 13:55:24 2026] [::1]:49046 Closing
[Sun Jul 19 13:55:24 2026] [::1]:49054 Accepted
[Sun Jul 19 13:55:24 2026] [::1]:49054 [200]: POST /cart_handler.php
[Sun Jul 19 13:55:24 2026] [::1]:49054 Closing
[Sun Jul 19 13:55:26 2026] [::1]:49066 Accepted
[Sun Jul 19 13:55:26 2026] [::1]:49066 [200]: GET /login.php
[Sun Jul 19 13:55:26 2026] [::1]:49066 Closing
[Sun Jul 19 13:55:26 2026] [::1]:49078 Accepted
[Sun Jul 19 13:55:26 2026] [::1]:49084 Accepted
[Sun Jul 19 13:55:26 2026] [::1]:49078 [200]: GET /assets/css/style.css
[Sun Jul 19 13:55:26 2026] [::1]:49084 [200]: GET /assets/js/main.js
[Sun Jul 19 13:55:26 2026] [::1]:49078 Closing
[Sun Jul 19 13:55:26 2026] [::1]:49084 Closing
[Sun Jul 19 13:55:26 2026] [::1]:49094 Accepted
[Sun Jul 19 13:55:26 2026] [::1]:49094 [200]: POST /cart_handler.php
[Sun Jul 19 13:55:26 2026] [::1]:49094 Closing
[Sun Jul 19 13:55:26 2026] [::1]:49108 Accepted
[Sun Jul 19 13:55:26 2026] [::1]:49108 [302]: POST /login.php
[Sun Jul 19 13:55:26 2026] [::1]:49108 Closing
[Sun Jul 19 13:55:26 2026] [::1]:49114 Accepted
[Sun Jul 19 13:55:26 2026] [::1]:49114 [200]: GET /agent_portal.php
[Sun Jul 19 13:55:26 2026] [::1]:49114 Closing
[Sun Jul 19 13:55:28 2026] [::1]:49128 Accepted
[Sun Jul 19 13:55:28 2026] [::1]:49128 [200]: POST /agent_portal.php
[Sun Jul 19 13:55:28 2026] [::1]:49128 Closing
